// Jest Snapshot v1, https://goo.gl/fbAQLP

exports[`Ampersand renders without regressions 1`] = `
<span
  className="Ampersand__TextWithAmp-sc-1j5vu8o-0 eSkXie"
>
  &
</span>
`;
