// Jest Snapshot v1, https://goo.gl/fbAQLP

exports[`ButtonLink renders without regressions 1`] = `
<a
  className="Link__StyledAnchor-sc-ualt9-1 iowbjj ButtonLink__LinkWrap-sc-k7ctfj-0 iyGBkZ"
  href="https://button.link.to"
  rel="noopener noreferrer"
  target="_blank"
>
  Title
</a>
`;
