// Jest Snapshot v1, https://goo.gl/fbAQLP

exports[`Seo most common usage renders without regressions 1`] = `null`;
