// Jest Snapshot v1, https://goo.gl/fbAQLP

exports[`LearningItem renders without regressions 1`] = `
<li
  className="css-1mcfn8a-Container exa79cs0"
>
  <div
    className="css-h2lzyt-Triangle exa79cs3"
    onClick={[Function]}
  >
    â–¶
  </div>
  <div
    className="css-vx98lc-Main exa79cs1"
  >
    <a
      className="exa79cs2 css-1i4fh7c-linkPlain-StyledLink"
      href="#"
      onClick={[Function]}
    >
      author
       - 
      title
       '2019
    </a>
  </div>
</li>
`;
