// Jest Snapshot v1, https://goo.gl/fbAQLP

exports[`MenuHorizontal renders without regressions 1`] = `
<div
  className="css-1jou1fb-MenuHorizontal"
>
  <a
    className="css-kbxh37-linkPlain"
    href="path-1"
    target="_blank"
  >
    title-1
  </a>
  <span
    className="css-x4n1ct-Separator"
  >
     
  </span>
  <a
    className="css-kbxh37-linkPlain"
    href="path-2"
    target="_blank"
  >
    title-2
  </a>
</div>
`;
